go test -p 2 ./...
ok  	github.com/rcarmo/go-ooxml/e2e	0.751s
ok  	github.com/rcarmo/go-ooxml/internal/losslessxml	(cached)
ok  	github.com/rcarmo/go-ooxml/internal/testutil	(cached)
ok  	github.com/rcarmo/go-ooxml/pkg/document	(cached)
ok  	github.com/rcarmo/go-ooxml/pkg/ooxml/chart	(cached)
ok  	github.com/rcarmo/go-ooxml/pkg/ooxml/common	(cached)
ok  	github.com/rcarmo/go-ooxml/pkg/ooxml/diagram	(cached)
ok  	github.com/rcarmo/go-ooxml/pkg/ooxml/dml	(cached)
ok  	github.com/rcarmo/go-ooxml/pkg/ooxml/pml	(cached)
ok  	github.com/rcarmo/go-ooxml/pkg/ooxml/sml	(cached)
ok  	github.com/rcarmo/go-ooxml/pkg/ooxml/theme	(cached)
ok  	github.com/rcarmo/go-ooxml/pkg/ooxml/wml	(cached)
ok  	github.com/rcarmo/go-ooxml/pkg/packaging	(cached)
ok  	github.com/rcarmo/go-ooxml/pkg/presentation	(cached)
ok  	github.com/rcarmo/go-ooxml/pkg/spreadsheet	(cached)
ok  	github.com/rcarmo/go-ooxml/pkg/utils	(cached)
ok  	github.com/rcarmo/go-ooxml/tools/retired-inventory	(cached)
cd acceptance && go test -p 2 ./...
ok  	github.com/rcarmo/go-ooxml/acceptance	(cached)
ok  	github.com/rcarmo/go-ooxml/internal/losslessxml	1.010s
ok  	github.com/rcarmo/go-ooxml/pkg/packaging	1.776s
ok  	github.com/rcarmo/go-ooxml/pkg/document	7.763s
ok  	github.com/rcarmo/go-ooxml/pkg/presentation	6.020s
ok  	github.com/rcarmo/go-ooxml/pkg/spreadsheet	1.975s
ok  	github.com/rcarmo/go-ooxml/tools/retired-inventory	1.009s
ok  	github.com/rcarmo/go-ooxml/acceptance	1.757s
