go test -p 2 ./...
ok  	github.com/rcarmo/go-ooxml/e2e	1.082s
ok  	github.com/rcarmo/go-ooxml/internal/losslessxml	0.005s
ok  	github.com/rcarmo/go-ooxml/internal/testutil	(cached)
ok  	github.com/rcarmo/go-ooxml/pkg/document	1.128s
ok  	github.com/rcarmo/go-ooxml/pkg/ooxml/chart	(cached)
ok  	github.com/rcarmo/go-ooxml/pkg/ooxml/common	(cached)
ok  	github.com/rcarmo/go-ooxml/pkg/ooxml/diagram	(cached)
ok  	github.com/rcarmo/go-ooxml/pkg/ooxml/dml	(cached)
ok  	github.com/rcarmo/go-ooxml/pkg/ooxml/pml	(cached)
ok  	github.com/rcarmo/go-ooxml/pkg/ooxml/sml	(cached)
ok  	github.com/rcarmo/go-ooxml/pkg/ooxml/theme	(cached)
ok  	github.com/rcarmo/go-ooxml/pkg/ooxml/wml	(cached)
ok  	github.com/rcarmo/go-ooxml/pkg/packaging	0.128s
ok  	github.com/rcarmo/go-ooxml/pkg/presentation	0.664s
ok  	github.com/rcarmo/go-ooxml/pkg/spreadsheet	0.263s
ok  	github.com/rcarmo/go-ooxml/pkg/utils	(cached)
?   	github.com/rcarmo/go-ooxml/tools/casefold	[no test files]
ok  	github.com/rcarmo/go-ooxml/tools/retired-inventory	(cached)
cd acceptance && go test -p 2 ./...
ok  	github.com/rcarmo/go-ooxml/acceptance	0.527s
ok  	github.com/rcarmo/go-ooxml/internal/losslessxml	1.025s
ok  	github.com/rcarmo/go-ooxml/pkg/packaging	1.855s
ok  	github.com/rcarmo/go-ooxml/pkg/document	8.790s
ok  	github.com/rcarmo/go-ooxml/pkg/presentation	6.966s
ok  	github.com/rcarmo/go-ooxml/pkg/spreadsheet	2.186s
ok  	github.com/rcarmo/go-ooxml/acceptance	3.690s
