go test -p 2 ./...
ok  	github.com/rcarmo/go-ooxml/e2e	0.803s
ok  	github.com/rcarmo/go-ooxml/internal/formula	(cached)
ok  	github.com/rcarmo/go-ooxml/internal/losslessxml	(cached)
ok  	github.com/rcarmo/go-ooxml/internal/testutil	(cached)
ok  	github.com/rcarmo/go-ooxml/pkg/document	0.820s
ok  	github.com/rcarmo/go-ooxml/pkg/ooxml/chart	(cached)
ok  	github.com/rcarmo/go-ooxml/pkg/ooxml/common	(cached)
ok  	github.com/rcarmo/go-ooxml/pkg/ooxml/diagram	(cached)
ok  	github.com/rcarmo/go-ooxml/pkg/ooxml/dml	(cached)
ok  	github.com/rcarmo/go-ooxml/pkg/ooxml/pml	(cached)
ok  	github.com/rcarmo/go-ooxml/pkg/ooxml/sml	(cached)
ok  	github.com/rcarmo/go-ooxml/pkg/ooxml/theme	(cached)
ok  	github.com/rcarmo/go-ooxml/pkg/ooxml/wml	(cached)
ok  	github.com/rcarmo/go-ooxml/pkg/packaging	0.255s
ok  	github.com/rcarmo/go-ooxml/pkg/presentation	0.500s
ok  	github.com/rcarmo/go-ooxml/pkg/spreadsheet	(cached)
ok  	github.com/rcarmo/go-ooxml/pkg/utils	(cached)
?   	github.com/rcarmo/go-ooxml/tools/casefold	[no test files]
ok  	github.com/rcarmo/go-ooxml/tools/retired-inventory	(cached)
cd acceptance && go test -p 2 ./...
ok  	github.com/rcarmo/go-ooxml/acceptance	0.925s
ok  	github.com/rcarmo/go-ooxml/internal/losslessxml	1.023s
ok  	github.com/rcarmo/go-ooxml/pkg/packaging	2.908s
ok  	github.com/rcarmo/go-ooxml/pkg/document	7.979s
ok  	github.com/rcarmo/go-ooxml/pkg/presentation	6.164s
ok  	github.com/rcarmo/go-ooxml/pkg/spreadsheet	2.139s
ok  	github.com/rcarmo/go-ooxml/acceptance	6.153s
