go test -p 2 ./...
ok  	github.com/rcarmo/go-ooxml/e2e	0.705s
ok  	github.com/rcarmo/go-ooxml/internal/formula	(cached)
ok  	github.com/rcarmo/go-ooxml/internal/losslessxml	(cached)
ok  	github.com/rcarmo/go-ooxml/internal/testutil	(cached)
ok  	github.com/rcarmo/go-ooxml/pkg/document	0.757s
ok  	github.com/rcarmo/go-ooxml/pkg/ooxml/chart	(cached)
ok  	github.com/rcarmo/go-ooxml/pkg/ooxml/common	(cached)
ok  	github.com/rcarmo/go-ooxml/pkg/ooxml/diagram	(cached)
ok  	github.com/rcarmo/go-ooxml/pkg/ooxml/dml	(cached)
ok  	github.com/rcarmo/go-ooxml/pkg/ooxml/pml	(cached)
ok  	github.com/rcarmo/go-ooxml/pkg/ooxml/sml	(cached)
ok  	github.com/rcarmo/go-ooxml/pkg/ooxml/theme	(cached)
ok  	github.com/rcarmo/go-ooxml/pkg/ooxml/wml	(cached)
ok  	github.com/rcarmo/go-ooxml/pkg/packaging	0.240s
ok  	github.com/rcarmo/go-ooxml/pkg/presentation	(cached)
ok  	github.com/rcarmo/go-ooxml/pkg/spreadsheet	0.194s
ok  	github.com/rcarmo/go-ooxml/pkg/utils	(cached)
?   	github.com/rcarmo/go-ooxml/tools/casefold	[no test files]
ok  	github.com/rcarmo/go-ooxml/tools/retired-inventory	(cached)
cd acceptance && go test -p 2 ./...
ok  	github.com/rcarmo/go-ooxml/acceptance	1.270s
ok  	github.com/rcarmo/go-ooxml/internal/losslessxml	1.026s
ok  	github.com/rcarmo/go-ooxml/pkg/packaging	3.011s
ok  	github.com/rcarmo/go-ooxml/pkg/document	8.044s
ok  	github.com/rcarmo/go-ooxml/pkg/presentation	6.516s
ok  	github.com/rcarmo/go-ooxml/pkg/spreadsheet	2.216s
ok  	github.com/rcarmo/go-ooxml/acceptance	8.168s
