GOMAXPROCS=2 make test-batch (both opt-in fixture roots configured)
go test -p 2 ./...
ok  	github.com/rcarmo/go-ooxml/e2e	1.011s
ok  	github.com/rcarmo/go-ooxml/internal/formula	(cached)
ok  	github.com/rcarmo/go-ooxml/internal/losslessxml	(cached)
ok  	github.com/rcarmo/go-ooxml/internal/testutil	(cached)
ok  	github.com/rcarmo/go-ooxml/pkg/document	(cached)
ok  	github.com/rcarmo/go-ooxml/pkg/ooxml/chart	(cached)
ok  	github.com/rcarmo/go-ooxml/pkg/ooxml/common	(cached)
ok  	github.com/rcarmo/go-ooxml/pkg/ooxml/diagram	(cached)
ok  	github.com/rcarmo/go-ooxml/pkg/ooxml/dml	(cached)
ok  	github.com/rcarmo/go-ooxml/pkg/ooxml/pml	(cached)
ok  	github.com/rcarmo/go-ooxml/pkg/ooxml/sml	(cached)
ok  	github.com/rcarmo/go-ooxml/pkg/ooxml/theme	(cached)
ok  	github.com/rcarmo/go-ooxml/pkg/ooxml/wml	(cached)
ok  	github.com/rcarmo/go-ooxml/pkg/packaging	(cached)
ok  	github.com/rcarmo/go-ooxml/pkg/presentation	(cached)
ok  	github.com/rcarmo/go-ooxml/pkg/spreadsheet	(cached)
ok  	github.com/rcarmo/go-ooxml/pkg/utils	(cached)
?   	github.com/rcarmo/go-ooxml/tools/casefold	[no test files]
ok  	github.com/rcarmo/go-ooxml/tools/retired-inventory	(cached)
cd acceptance && go test -p 2 ./...
ok  	github.com/rcarmo/go-ooxml/acceptance	2.193s
GOMAXPROCS=2 go test -race -p 2 ./internal/formula ./internal/losslessxml ./pkg/packaging ./pkg/document ./pkg/presentation ./pkg/spreadsheet
ok  	github.com/rcarmo/go-ooxml/internal/formula	1.016s
ok  	github.com/rcarmo/go-ooxml/internal/losslessxml	(cached)
ok  	github.com/rcarmo/go-ooxml/pkg/packaging	3.152s
ok  	github.com/rcarmo/go-ooxml/pkg/document	(cached)
ok  	github.com/rcarmo/go-ooxml/pkg/presentation	(cached)
ok  	github.com/rcarmo/go-ooxml/pkg/spreadsheet	2.506s
(cd acceptance && GOMAXPROCS=2 go test -race -p 2 ./...)
ok  	github.com/rcarmo/go-ooxml/acceptance	10.586s
exit statuses: full=0 race=0 acceptance-race=0
