--- FAIL: TestReferenceCheckoutIntegrityBatch (0.20s)
    --- FAIL: TestReferenceCheckoutIntegrityBatch/dirty_constants_outside_asset_manifest (0.01s)
        reference_checkout_test.go:115: refuse=true, got <nil>
    --- FAIL: TestReferenceCheckoutIntegrityBatch/staged_workflow_outside_asset_manifest (0.01s)
        reference_checkout_test.go:115: refuse=true, got <nil>
    --- FAIL: TestReferenceCheckoutIntegrityBatch/deleted_tracked_workflow (0.01s)
        reference_checkout_test.go:115: refuse=true, got <nil>
    --- FAIL: TestReferenceCheckoutIntegrityBatch/untracked_fact (0.01s)
        reference_checkout_test.go:115: refuse=true, got <nil>
    --- FAIL: TestReferenceCheckoutIntegrityBatch/wrong_pinned_commit (0.01s)
        reference_checkout_test.go:115: refuse=true, got <nil>
    --- FAIL: TestReferenceCheckoutIntegrityBatch/clean_different_checkout (0.01s)
        reference_checkout_test.go:115: refuse=true, got <nil>
    --- FAIL: TestReferenceCheckoutIntegrityBatch/lightweight_release_tag (0.01s)
        reference_checkout_test.go:115: refuse=true, got <nil>
    --- FAIL: TestReferenceCheckoutIntegrityBatch/wrong_annotated_tag_object (0.01s)
        reference_checkout_test.go:115: refuse=true, got <nil>
    --- FAIL: TestReferenceCheckoutIntegrityBatch/annotated_tag_points_elsewhere (0.01s)
        reference_checkout_test.go:115: refuse=true, got <nil>
    --- FAIL: TestReferenceCheckoutIntegrityBatch/missing_release_annotation (0.01s)
        reference_checkout_test.go:115: refuse=true, got <nil>
    --- FAIL: TestReferenceCheckoutIntegrityBatch/invalid_commit_syntax (0.01s)
        reference_checkout_test.go:115: refuse=true, got <nil>
    --- FAIL: TestReferenceCheckoutIntegrityBatch/dirty_candidate (0.01s)
        reference_checkout_test.go:115: refuse=true, got <nil>
    --- FAIL: TestReferenceCheckoutIntegrityBatch/assume_unchanged_cannot_hide_edit (0.01s)
        reference_checkout_test.go:115: refuse=true, got <nil>
    --- FAIL: TestReferenceCheckoutIntegrityBatch/missing_git_metadata (0.01s)
        reference_checkout_test.go:115: refuse=true, got <nil>
FAIL
FAIL	github.com/rcarmo/go-ooxml/internal/testutil	0.203s
ok  	github.com/rcarmo/go-ooxml/pkg/packaging	0.357s
FAIL
ok  	github.com/rcarmo/go-ooxml/acceptance	1.617s
