go test -p 2 ./...
ok  	github.com/rcarmo/go-ooxml/e2e	0.962s
ok  	github.com/rcarmo/go-ooxml/internal/formula	(cached)
ok  	github.com/rcarmo/go-ooxml/internal/losslessxml	(cached)
ok  	github.com/rcarmo/go-ooxml/internal/testutil	0.376s
ok  	github.com/rcarmo/go-ooxml/pkg/document	1.002s
ok  	github.com/rcarmo/go-ooxml/pkg/ooxml/chart	(cached)
ok  	github.com/rcarmo/go-ooxml/pkg/ooxml/common	(cached)
ok  	github.com/rcarmo/go-ooxml/pkg/ooxml/diagram	(cached)
ok  	github.com/rcarmo/go-ooxml/pkg/ooxml/dml	(cached)
ok  	github.com/rcarmo/go-ooxml/pkg/ooxml/pml	(cached)
ok  	github.com/rcarmo/go-ooxml/pkg/ooxml/sml	(cached)
ok  	github.com/rcarmo/go-ooxml/pkg/ooxml/theme	(cached)
ok  	github.com/rcarmo/go-ooxml/pkg/ooxml/wml	(cached)
ok  	github.com/rcarmo/go-ooxml/pkg/packaging	0.404s
ok  	github.com/rcarmo/go-ooxml/pkg/presentation	0.728s
ok  	github.com/rcarmo/go-ooxml/pkg/spreadsheet	0.256s
ok  	github.com/rcarmo/go-ooxml/pkg/utils	(cached)
?   	github.com/rcarmo/go-ooxml/tools/casefold	[no test files]
ok  	github.com/rcarmo/go-ooxml/tools/nativeinventory	(cached)
cd acceptance && go test -p 2 ./...
ok  	github.com/rcarmo/go-ooxml/acceptance	2.703s
