cmd: env -u OOXML_FIXTURES_ROOT -u OOXML_REFERENCE_PIN GOMAXPROCS=2 GOFLAGS=-count=1 make test-batch TEST_JOBS=2
go test -p 2 ./...
ok  	github.com/rcarmo/go-ooxml/e2e	0.829s
ok  	github.com/rcarmo/go-ooxml/internal/formula	0.003s
ok  	github.com/rcarmo/go-ooxml/internal/losslessxml	0.004s
ok  	github.com/rcarmo/go-ooxml/internal/testutil	0.354s
ok  	github.com/rcarmo/go-ooxml/pkg/document	0.846s
ok  	github.com/rcarmo/go-ooxml/pkg/ooxml/chart	0.002s
ok  	github.com/rcarmo/go-ooxml/pkg/ooxml/common	0.001s
ok  	github.com/rcarmo/go-ooxml/pkg/ooxml/diagram	0.004s
ok  	github.com/rcarmo/go-ooxml/pkg/ooxml/dml	0.001s
ok  	github.com/rcarmo/go-ooxml/pkg/ooxml/pml	0.002s
ok  	github.com/rcarmo/go-ooxml/pkg/ooxml/sml	0.002s
ok  	github.com/rcarmo/go-ooxml/pkg/ooxml/theme	0.002s
ok  	github.com/rcarmo/go-ooxml/pkg/ooxml/wml	0.002s
ok  	github.com/rcarmo/go-ooxml/pkg/packaging	0.383s
ok  	github.com/rcarmo/go-ooxml/pkg/presentation	0.626s
ok  	github.com/rcarmo/go-ooxml/pkg/spreadsheet	0.229s
ok  	github.com/rcarmo/go-ooxml/pkg/utils	0.002s
?   	github.com/rcarmo/go-ooxml/tools/casefold	[no test files]
ok  	github.com/rcarmo/go-ooxml/tools/nativeinventory	0.001s
cd acceptance && go test -p 2 ./...
ok  	github.com/rcarmo/go-ooxml/acceptance	2.015s
exit: 0
